Prisma schema loaded from prisma/schema.prisma

✔ Generated Prisma Client (v5.22.0) to ./node_modules/@prisma/client in 67ms

Start by importing your Prisma Client (See: https://pris.ly/d/importing-client)

Tip: Want to turn off tips and other hints? https://pris.ly/tip-4-nohints


> a1-real-estate-crm@0.1.0 build
> next build

  ▲ Next.js 14.2.5
  - Environments: .env.local

   Creating an optimized production build ...
 ✓ Compiled successfully
   Linting and checking validity of types ...
   Collecting page data ...
   Generating static pages (0/4) ...
   Generating static pages (1/4) 
   Generating static pages (2/4) 
   Generating static pages (3/4) 
 ✓ Generating static pages (4/4)
   Finalizing page optimization ...
   Collecting build traces ...

Route (app)                              Size     First Load JS
┌ ○ /                                    126 kB          214 kB
└ ○ /_not-found                          875 B          88.2 kB
+ First Load JS shared by all            87.3 kB
  ├ chunks/23-a893e04b873a42dd.js        31.7 kB
  ├ chunks/fd9d1056-cf71f16cd111741d.js  53.6 kB
  └ other shared chunks (total)          2 kB


○  (Static)  prerendered as static content

tar: public: Cannot stat: No such file or directory
tar: Error exit delayed from previous errors.
